  Mon Sep  4 19:17:59 2017 for program Focmec
 Sakhalin: NEIC/QED 190 stations 22 errors not including emergent arriv.
 Input from a file focmec_qed.inp
  12-MAY-90 Sakhalin Island Event:  NEIC/QED (11-JUNE-90)

 Statn  Azimuth    TOA   Key  Log10 Ratio  NumPol  DenTOA  Comment
  YSS    164.2    154.9   D                                
  PET     63.0     91.6   C                                
  MAT    193.5     86.2   D                                
  TSRJ   200.0     81.7   D                                
  YONJ   207.3     79.1   D                                
  WKYJ   199.8     78.3   C                                
  SHK    208.6     77.3   C                                
  TKSJ   204.1     77.1   C                                
  SHNJ   212.2     75.6   C                                
  BJI    253.4     70.7   -                                
 Not including emergent polarity picks
  TIK    349.7     65.8   D                                
  SSE    228.7     65.3   -                                
  IRK    292.1     65.3   D                                
  ILT     31.7     62.5   D                                
  LZH    259.3     60.3   D                                
  GUMO   175.0     57.3   C                                
  GUA    174.9     57.3   +                                
  BAG    215.5     56.6   C                                
  KMI    246.3     55.6   -                                
  DAV    203.6     52.5   C                                
  LOE    240.1     51.7   D                                
  CHG    244.2     51.3   D                                
  FRU    288.9     51.3   D                                
  NST    240.4     50.1   D                                
  DSH    287.5     47.3   D                                
  APA    332.5     47.2   D                                
  NDI    272.2     46.9   D                                
  DAG    354.6     46.2   C                                
  LAT    173.8     45.1   C                                
  PGC     51.1     43.5   C                                
  QUE    280.8     43.4   D                                
  PMG    173.9     43.4   C                                
  MCW     50.8     43.3   D                                
  OBN    319.6     43.1   D                                
  GMW     51.8     42.9   D                                
  HYB    261.5     42.7   D                                
  PNT     48.6     42.6   D                                
  BMW     52.9     42.6   C                                
  RMW     51.3     42.6   C                                
  EDM     42.2     42.4   D                                
  LON     52.0     42.3   D                                
  SHW     52.7     42.2   C                                
  DPW     49.1     41.6   D                                
  GDH      6.2     41.5   C                                
  NEW     48.2     41.4   C                                
  VGB     52.5     41.4   D                                
  POO    266.1     41.3   D                                
  BOM    267.2     41.0   D                                
  MTN    191.9     41.0   C                                
  SES     43.4     40.6   D                                
  FFC     35.6     40.2   D                                
  AKU    351.0     39.6   D                                
  BKR    305.0     39.6   D                                
  HRY     46.7     39.2   D                                
  ORV     57.8     39.2   D                                
  KNA    193.9     39.1   C                                
  LRM     47.7     39.1   D                                
  LCCM    47.4     38.9   D                                
  BGMT    47.9     38.7   D                                
  MEMT    47.0     38.6   -                                
  REY    352.3     38.6   D                                
  CMB     58.3     38.3   D                                
  SIM    312.8     38.2   D                                
  COP    331.7     38.1   C                                
  IMW     48.3     37.9   D                                
  PTI     49.9     37.9   D                                
  CTA    175.6     37.3   C                                
  WB5    187.6     37.3   C                                
  BCH     60.2     37.2   D                                
  CLI    317.8     37.2   C                                
  BW06    48.3     37.2   D                                
  QIS    182.3     37.1   C                                
  KRA    324.2     37.0   D                                
  DUG     52.1     37.0   D                                
  UZH    322.0     36.9   D                                
  CFR    316.4     36.9   D                                
  BRN    329.4     36.8   D                                
  VRI    317.7     36.8   D                                
  SPC    323.5     36.8   D                                
  DAU     51.0     36.7   D                                
  KSP    326.8     36.7   D                                
  TLB    316.0     36.6   C                                
  MLR    317.9     36.5   D                                
  RSSD    44.1     36.4   D                                
  CLL    328.9     36.3   D                                
  PSN    315.4     36.3   D                                
  BRG    328.1     36.3   D                                
  MSU     52.9     36.3   C                                
  CMP    318.2     36.2   C                                
  PRU    327.2     36.1   -                                
  WIT    333.2     36.0   D                                
  PEC     59.3     36.0   D                                
  SRO    323.8     35.9   D                                
  DRA    318.3     35.8   D                                
  MOX    329.3     35.8   D                                
  EKA    339.9     35.8   -                                
  GZR    319.7     35.8   D                                
  ZST    324.7     35.8   D                                
  VKA    325.2     35.7   D                                
  WTS    332.7     35.6   D                                
  BZS    320.5     35.6   C                                
  TIM    320.8     35.6   D                                
  KHC    327.3     35.5   D                                
  MBL    201.5     35.5   C                                
  PVL    316.7     35.5   D                                
  JMB    315.5     35.5   D                                
  DBN    333.7     35.5   D                                
  GRF    329.0     35.4   -                                
  UDU    141.7     35.3   -                                
  KMR    326.4     35.2   D                                
  NDE    142.5     35.2   C                                
  DIM    315.9     35.1   D                                
  GOL     47.9     35.1   D                                
  GLD     47.8     35.1   D                                
  ENN    332.6     35.0   D                                
  PGB    317.0     35.0   D                                
  SCH     16.8     35.0   D                                
  MEM    332.5     35.0   D                                
  PLD    316.4     35.0   D                                
  KRO    142.8     34.9   C                                
  BHG    326.9     34.9   D                                
  VTS    317.6     34.9   D                                
  UCC    333.5     34.9   D                                
  RZN    316.1     34.9   D                                
  FUR    328.1     34.8   D                                
  VUN    143.9     34.8   C                                
  PTJ    324.0     34.7   D                                
  DOU    333.1     34.6   D                                
  KKB    317.3     34.6   D                                
  SQTA   327.6     34.5   D                                
  QLP    177.8     34.4   C                                
  SKO    318.4     34.3   D                                
  VAY    317.2     34.3   D                                
  RMO     28.0     31.0   C                                
  SLE    329.6     34.3   D                                
  ADI    303.8     34.3   D                                
  SAX    328.8     34.2   D                                
  ZLA    329.5     34.2   D                                
  OSS    328.0     34.1   D                                
  MML    303.2     34.1   D                                
  LLS    328.8     34.0   D                                
  VDL    328.3     33.9   D                                
  OHR    318.2     33.9   D                                
  BRS    170.1     33.7   D                                
  TMA    328.5     33.6   D                                
  MMK    329.0     33.4   D                                
  DIX    329.4     33.2   D                                
  EMS    329.7     33.1   D                                
  PRNI   302.1     33.0   D                                
  MEKA   201.3     32.7   C                                
  MBH    301.9     32.7   D                                
  HLW    304.3     31.7   D                                
  MEO     46.5     31.4   D                                
  CMS    176.6     31.6   C                                
  FORR   192.0     31.5   C                                
  CBM     20.3     31.4   C                                
  MRWA   202.7     31.2   C                                
  COOL   197.9     31.0   C                                
  ETER   330.6     30.9   D                                
  BAL    201.7     30.8   C                                
  RIV    172.2     30.6   D                                
  ECRI   334.4     30.1   D                                
  ADE    182.6     30.1   C                                
  MUN    201.7     30.0   C                                
  EMON   338.0     29.9   D                                
  KCHT   323.3     29.8   D                                
  CNB    173.9     29.8   D                                
  SBS    322.9     29.8   D                                
  ESEL   329.5     29.7   D                                
  NWAO   200.6     29.6   C                                
  ZGN    322.8     29.6   D                                
  STS    338.6     29.5   D                                
  ERUA   337.5     29.5   D                                
  ETOR   333.4     29.5   D                                
  RSCP    37.0     29.2   D                                
  GUD    334.8     29.2   D                                
  ECHE   332.1     29.2   D                                
  TOO    177.1     29.1   C                                
  TOL    334.4     29.0   D                                
  ACU    331.3     29.0   D                                
  EPLA   335.9     28.9   D                                
  EVIA   332.8     28.9   D                                
  ARO    284.3     28.9   D                                
  EALH   331.7     28.8   D                                
  EBAN   333.6     28.8   D                                
  JSC     34.5     28.8   C                                
  ENIJ   332.0     28.8   D                                
  EHOR   334.5     28.8   D                                
  AFC    333.1     28.8   D                                
  LIS    337.7     28.7   D                                
  EVAL   335.6     28.6   D                                
  EPRU   334.2     28.6   D                                
  EJIF   334.2     28.5   D                                
  CFTV   338.6     27.1   D                                
  BUL    273.6     11.1   C                                
  SBA    173.6     11.0   C                                
  ARE     51.6     10.6   C                                
  SPA    180.0     10.5   C                                
  LPB     47.5     10.4   C                                
 Polarities/Errors:  P 190/21  SV 000/00  SH 000/00
 There are no amplitude ratio data
 The minimum, increment and maximum B axis trend:     0.00    5.00  355.00
 The limits for the B axis plunge:     0.00    5.00   90.00
 The limits for Angle:     0.00    5.00  175.00
 ++++++++++++++++++++++++++++++++++++++++++++++++++++++++++++++++++++++++++++

     Dip,Strike,Rake     58.68   308.43    16.48
     Dip,Strike,Rake     75.97   209.69   147.60   Auxiliary Plane
     Lower Hem. Trend, Plunge of A,N    119.69    14.03   218.43    31.32
     Lower Hem. Trend, Plunge of P,T    262.18    11.31   164.82    32.61
     B trend, B plunge, Angle:    8.78  55.00  25.00

 P Polarity error at  PET  MAT  TSRJ YONJ TIK  PGC  BMW  RMW  SHW  NEW  COP 
 P Polarity weights:  1.00 1.00 1.00 1.00 1.00 1.00 1.00 1.00 1.00 1.00 1.00
                      CLI  TLB  MSU  CMP  BZS  BRS  MEO  RIV  CNB  RSCP
                      1.00 1.00 1.00 1.00 1.00 1.00 1.00 1.00 1.00 1.00
  Total P polarity weight is 21.000   Total number:  21
 +++++++++++++++++++++++++++++++++++++++++++++++++++++++++++++++++++++++++++++

     Dip,Strike,Rake     60.22   313.96    19.30
     Dip,Strike,Rake     73.33   214.09   148.77   Auxiliary Plane
     Lower Hem. Trend, Plunge of A,N    124.09    16.67   223.96    29.78
     Lower Hem. Trend, Plunge of P,T    266.40     8.54   170.67    33.64
     B trend, B plunge, Angle:    8.78  55.00  30.00

 P Polarity error at  PET  MAT  TSRJ YONJ TIK  PGC  BMW  RMW  SHW  NEW  COP 
 P Polarity weights:  1.00 1.00 1.00 1.00 1.00 1.00 1.00 1.00 1.00 1.00 1.00
                      CLI  TLB  MSU  CMP  BZS  RMO  BRS  RIV  CNB  RSCP
                      1.00 1.00 1.00 1.00 1.00 1.00 1.00 1.00 1.00 1.00
  Total P polarity weight is 21.000   Total number:  21
 +++++++++++++++++++++++++++++++++++++++++++++++++++++++++++++++++++++++++++++

     Dip,Strike,Rake     61.98   319.30    21.88
     Dip,Strike,Rake     70.79   218.62   150.16   Auxiliary Plane
     Lower Hem. Trend, Plunge of A,N    128.62    19.21   229.30    28.02
     Lower Hem. Trend, Plunge of P,T    270.56     5.72   176.63    34.39
     B trend, B plunge, Angle:    8.78  55.00  35.00

 P Polarity error at  PET  MAT  TSRJ YONJ TIK  PGC  BMW  RMW  SHW  NEW  COP 
 P Polarity weights:  1.00 1.00 1.00 1.00 1.00 1.00 1.00 1.00 1.00 1.00 1.00
                      CLI  TLB  MSU  CMP  BZS  RMO  BRS  CBM  RIV  CNB 
                      1.00 1.00 1.00 1.00 1.00 1.00 1.00 1.00 1.00 1.00
  Total P polarity weight is 21.000   Total number:  21
 +++++++++++++++++++++++++++++++++++++++++++++++++++++++++++++++++++++++++++++

     Dip,Strike,Rake     57.39   311.52    13.47
     Dip,Strike,Rake     78.69   214.16   146.66   Auxiliary Plane
     Lower Hem. Trend, Plunge of A,N    124.16    11.31   221.52    32.61
     Lower Hem. Trend, Plunge of P,T    266.66    14.03   167.91    31.32
     B trend, B plunge, Angle:   17.56  55.00  20.00

 P Polarity error at  PET  MAT  TSRJ YONJ TIK  PGC  BMW  RMW  SHW  NEW  COP 
 P Polarity weights:  1.00 1.00 1.00 1.00 1.00 1.00 1.00 1.00 1.00 1.00 1.00
                      CLI  TLB  MSU  CMP  BZS  BRS  MEO  RIV  CNB  RSCP
                      1.00 1.00 1.00 1.00 1.00 1.00 1.00 1.00 1.00 1.00
  Total P polarity weight is 21.000   Total number:  21
 +++++++++++++++++++++++++++++++++++++++++++++++++++++++++++++++++++++++++++++

     Dip,Strike,Rake     58.68   317.21    16.48
     Dip,Strike,Rake     75.97   218.47   147.60   Auxiliary Plane
     Lower Hem. Trend, Plunge of A,N    128.47    14.03   227.21    31.32
     Lower Hem. Trend, Plunge of P,T    270.96    11.31   173.60    32.61
     B trend, B plunge, Angle:   17.56  55.00  25.00

 P Polarity error at  PET  MAT  TSRJ YONJ TIK  PGC  BMW  RMW  SHW  NEW  COP 
 P Polarity weights:  1.00 1.00 1.00 1.00 1.00 1.00 1.00 1.00 1.00 1.00 1.00
                      CLI  TLB  MSU  CMP  BZS  BRS  RIV  CNB  RSCP
                      1.00 1.00 1.00 1.00 1.00 1.00 1.00 1.00 1.00
  Total P polarity weight is 20.000   Total number:  20
 +++++++++++++++++++++++++++++++++++++++++++++++++++++++++++++++++++++++++++++


 There are   5 acceptable solutions
